W0627 20:27:41.612000 557170 torch/distributed/run.py:852] 
W0627 20:27:41.612000 557170 torch/distributed/run.py:852] *****************************************
W0627 20:27:41.612000 557170 torch/distributed/run.py:852] Setting OMP_NUM_THREADS environment variable for each process to be 1 in default, to avoid your system being overloaded, please further tune the variable for optimal performance in your application as needed. 
W0627 20:27:41.612000 557170 torch/distributed/run.py:852] *****************************************
device=cuda:0 | world_size=4 | num_workers=6 | vocab 10292 | denoiser 92.6M | max_length 128 | steps 0->200000
W0627 20:28:21.792000 557170 torch/distributed/elastic/agent/server/api.py:739] Received Signals.SIGTERM death signal, shutting down workers
W0627 20:28:21.793000 557170 torch/distributed/elastic/multiprocessing/api.py:1010] Sending process 557451 closing signal SIGTERM
W0627 20:28:21.794000 557170 torch/distributed/elastic/multiprocessing/api.py:1010] Sending process 557452 closing signal SIGTERM
W0627 20:28:21.795000 557170 torch/distributed/elastic/multiprocessing/api.py:1010] Sending process 557453 closing signal SIGTERM
W0627 20:28:21.795000 557170 torch/distributed/elastic/multiprocessing/api.py:1010] Sending process 557454 closing signal SIGTERM
Traceback (most recent call last):
  File "/home/xyh/Symbolic_Regression/E2E/E2E/.venv/bin/torchrun", line 10, in <module>
    sys.exit(main())
  File "/home/xyh/Symbolic_Regression/E2E/E2E/.venv/lib/python3.10/site-packages/torch/distributed/elastic/multiprocessing/errors/__init__.py", line 362, in wrapper
    return f(*args, **kwargs)
  File "/home/xyh/Symbolic_Regression/E2E/E2E/.venv/lib/python3.10/site-packages/torch/distributed/run.py", line 991, in main
    run(args)
  File "/home/xyh/Symbolic_Regression/E2E/E2E/.venv/lib/python3.10/site-packages/torch/distributed/run.py", line 982, in run
    elastic_launch(
  File "/home/xyh/Symbolic_Regression/E2E/E2E/.venv/lib/python3.10/site-packages/torch/distributed/launcher/api.py", line 170, in __call__
    return launch_agent(self._config, self._entrypoint, list(args))
  File "/home/xyh/Symbolic_Regression/E2E/E2E/.venv/lib/python3.10/site-packages/torch/distributed/launcher/api.py", line 308, in launch_agent
    result = agent.run()
  File "/home/xyh/Symbolic_Regression/E2E/E2E/.venv/lib/python3.10/site-packages/torch/distributed/elastic/metrics/api.py", line 134, in wrapper
    result = f(*args, **kwargs)
  File "/home/xyh/Symbolic_Regression/E2E/E2E/.venv/lib/python3.10/site-packages/torch/distributed/elastic/agent/server/api.py", line 731, in run
    result = self._invoke_run(role)
  File "/home/xyh/Symbolic_Regression/E2E/E2E/.venv/lib/python3.10/site-packages/torch/distributed/elastic/agent/server/api.py", line 908, in _invoke_run
    time.sleep(monitor_interval)
  File "/home/xyh/Symbolic_Regression/E2E/E2E/.venv/lib/python3.10/site-packages/torch/distributed/elastic/multiprocessing/api.py", line 86, in _terminate_process_handler
    raise SignalException(f"Process {os.getpid()} got signal: {sigval}", sigval=sigval)
torch.distributed.elastic.multiprocessing.api.SignalException: Process 557170 got signal: 15
