W0629 11:42:26.013000 1707954 torch/distributed/run.py:852] 
W0629 11:42:26.013000 1707954 torch/distributed/run.py:852] *****************************************
W0629 11:42:26.013000 1707954 torch/distributed/run.py:852] Setting OMP_NUM_THREADS environment variable for each process to be 1 in default, to avoid your system being overloaded, please further tune the variable for optimal performance in your application as needed. 
W0629 11:42:26.013000 1707954 torch/distributed/run.py:852] *****************************************
resume from checkpoints/lr_search/uniform_cosine_lr2e-3/best.pth: step 5000 best_val 0.0086@5000
device=cuda:0 | world_size=3 | num_workers=4 | vocab 10292 | denoiser 115.7M | max_length 128 (target only) | steps 5000->10000
/home/xyh/Symbolic_Regression/E2E/E2E/symbolicregression/envs/generators.py:242: RuntimeWarning: overflow encountered in exp
  return fn(self.children[0].val(x))
/home/xyh/Symbolic_Regression/E2E/E2E/symbolicregression/envs/generators.py:242: RuntimeWarning: overflow encountered in exp
  return fn(self.children[0].val(x))
/home/xyh/Symbolic_Regression/E2E/E2E/symbolicregression/envs/generators.py:242: RuntimeWarning: overflow encountered in exp
  return fn(self.children[0].val(x))
/home/xyh/Symbolic_Regression/E2E/E2E/symbolicregression/envs/generators.py:137: RuntimeWarning: overflow encountered in multiply
  return m1 * m2
/home/xyh/Symbolic_Regression/E2E/E2E/symbolicregression/envs/generators.py:216: RuntimeWarning: overflow encountered in power
  return numerator ** 3
/home/xyh/Symbolic_Regression/E2E/E2E/symbolicregression/envs/generators.py:216: RuntimeWarning: overflow encountered in power
  return numerator ** 3
/home/xyh/Symbolic_Regression/E2E/E2E/symbolicregression/envs/generators.py:242: RuntimeWarning: invalid value encountered in sin
  return fn(self.children[0].val(x))
/home/xyh/Symbolic_Regression/E2E/E2E/symbolicregression/envs/generators.py:242: RuntimeWarning: invalid value encountered in cos
  return fn(self.children[0].val(x))
/home/xyh/Symbolic_Regression/E2E/E2E/symbolicregression/envs/generators.py:207: RuntimeWarning: overflow encountered in square
  return numerator ** 2
/home/xyh/Symbolic_Regression/E2E/E2E/symbolicregression/envs/generators.py:137: RuntimeWarning: overflow encountered in multiply
  return m1 * m2
/home/xyh/Symbolic_Regression/E2E/E2E/symbolicregression/envs/generators.py:216: RuntimeWarning: overflow encountered in power
  return numerator ** 3
/home/xyh/Symbolic_Regression/E2E/E2E/symbolicregression/envs/generators.py:216: RuntimeWarning: overflow encountered in power
  return numerator ** 3
/home/xyh/Symbolic_Regression/E2E/E2E/symbolicregression/envs/generators.py:137: RuntimeWarning: overflow encountered in multiply
  return m1 * m2
/home/xyh/Symbolic_Regression/E2E/E2E/symbolicregression/envs/generators.py:242: RuntimeWarning: invalid value encountered in cos
  return fn(self.children[0].val(x))
/home/xyh/Symbolic_Regression/E2E/E2E/symbolicregression/envs/generators.py:207: RuntimeWarning: overflow encountered in square
  return numerator ** 2
/home/xyh/Symbolic_Regression/E2E/E2E/symbolicregression/envs/generators.py:216: RuntimeWarning: overflow encountered in power
  return numerator ** 3
/home/xyh/Symbolic_Regression/E2E/E2E/symbolicregression/envs/generators.py:137: RuntimeWarning: overflow encountered in multiply
  return m1 * m2
/home/xyh/Symbolic_Regression/E2E/E2E/symbolicregression/envs/generators.py:207: RuntimeWarning: overflow encountered in square
  return numerator ** 2
/home/xyh/Symbolic_Regression/E2E/E2E/symbolicregression/envs/generators.py:137: RuntimeWarning: overflow encountered in multiply
  return m1 * m2
/home/xyh/Symbolic_Regression/E2E/E2E/symbolicregression/envs/generators.py:137: RuntimeWarning: overflow encountered in multiply
  return m1 * m2
/home/xyh/Symbolic_Regression/E2E/E2E/symbolicregression/envs/generators.py:242: RuntimeWarning: invalid value encountered in sin
  return fn(self.children[0].val(x))
/home/xyh/Symbolic_Regression/E2E/E2E/symbolicregression/envs/generators.py:242: RuntimeWarning: invalid value encountered in tan
  return fn(self.children[0].val(x))
/home/xyh/Symbolic_Regression/E2E/E2E/symbolicregression/envs/generators.py:137: RuntimeWarning: overflow encountered in multiply
  return m1 * m2
/home/xyh/Symbolic_Regression/E2E/E2E/symbolicregression/envs/generators.py:216: RuntimeWarning: overflow encountered in power
  return numerator ** 3
/home/xyh/Symbolic_Regression/E2E/E2E/symbolicregression/envs/generators.py:207: RuntimeWarning: overflow encountered in square
  return numerator ** 2
/home/xyh/Symbolic_Regression/E2E/E2E/symbolicregression/envs/generators.py:137: RuntimeWarning: overflow encountered in multiply
  return m1 * m2
/home/xyh/Symbolic_Regression/E2E/E2E/symbolicregression/envs/generators.py:216: RuntimeWarning: overflow encountered in power
  return numerator ** 3
/home/xyh/Symbolic_Regression/E2E/E2E/symbolicregression/envs/generators.py:207: RuntimeWarning: overflow encountered in square
  return numerator ** 2
/home/xyh/Symbolic_Regression/E2E/E2E/symbolicregression/envs/generators.py:137: RuntimeWarning: overflow encountered in multiply
  return m1 * m2
/home/xyh/Symbolic_Regression/E2E/E2E/symbolicregression/envs/generators.py:207: RuntimeWarning: overflow encountered in square
  return numerator ** 2
/home/xyh/Symbolic_Regression/E2E/E2E/symbolicregression/envs/generators.py:137: RuntimeWarning: overflow encountered in multiply
  return m1 * m2
/home/xyh/Symbolic_Regression/E2E/E2E/symbolicregression/envs/generators.py:137: RuntimeWarning: overflow encountered in multiply
  return m1 * m2
/home/xyh/Symbolic_Regression/E2E/E2E/symbolicregression/envs/generators.py:242: RuntimeWarning: invalid value encountered in sin
  return fn(self.children[0].val(x))
/home/xyh/Symbolic_Regression/E2E/E2E/symbolicregression/envs/generators.py:207: RuntimeWarning: overflow encountered in square
  return numerator ** 2
[probe] step   5200 | lr 9.84e-04 | t=0.02 0.664 | t=0.1 0.146 | t=0.5 0.046
/home/xyh/Symbolic_Regression/E2E/E2E/symbolicregression/envs/generators.py:216: RuntimeWarning: overflow encountered in power
  return numerator ** 3
/home/xyh/Symbolic_Regression/E2E/E2E/symbolicregression/envs/generators.py:242: RuntimeWarning: invalid value encountered in sin
  return fn(self.children[0].val(x))
/home/xyh/Symbolic_Regression/E2E/E2E/symbolicregression/envs/generators.py:242: RuntimeWarning: invalid value encountered in cos
  return fn(self.children[0].val(x))
/home/xyh/Symbolic_Regression/E2E/E2E/symbolicregression/envs/generators.py:207: RuntimeWarning: overflow encountered in square
  return numerator ** 2
/home/xyh/Symbolic_Regression/E2E/E2E/symbolicregression/envs/generators.py:216: RuntimeWarning: overflow encountered in power
  return numerator ** 3
/home/xyh/Symbolic_Regression/E2E/E2E/symbolicregression/envs/generators.py:242: RuntimeWarning: invalid value encountered in cos
  return fn(self.children[0].val(x))
/home/xyh/Symbolic_Regression/E2E/E2E/symbolicregression/envs/generators.py:242: RuntimeWarning: invalid value encountered in cos
  return fn(self.children[0].val(x))
/home/xyh/Symbolic_Regression/E2E/E2E/symbolicregression/envs/generators.py:242: RuntimeWarning: invalid value encountered in sin
  return fn(self.children[0].val(x))
/home/xyh/Symbolic_Regression/E2E/E2E/symbolicregression/envs/generators.py:216: RuntimeWarning: overflow encountered in power
  return numerator ** 3
/home/xyh/Symbolic_Regression/E2E/E2E/symbolicregression/envs/generators.py:207: RuntimeWarning: overflow encountered in square
  return numerator ** 2
/home/xyh/Symbolic_Regression/E2E/E2E/symbolicregression/envs/generators.py:216: RuntimeWarning: overflow encountered in power
  return numerator ** 3
[probe] step   5400 | lr 9.19e-04 | t=0.02 0.657 | t=0.1 0.132 | t=0.5 0.043
/home/xyh/Symbolic_Regression/E2E/E2E/symbolicregression/envs/generators.py:242: RuntimeWarning: invalid value encountered in sin
  return fn(self.children[0].val(x))
/home/xyh/Symbolic_Regression/E2E/E2E/symbolicregression/envs/generators.py:137: RuntimeWarning: overflow encountered in multiply
  return m1 * m2
/home/xyh/Symbolic_Regression/E2E/E2E/symbolicregression/envs/generators.py:242: RuntimeWarning: invalid value encountered in cos
  return fn(self.children[0].val(x))
/home/xyh/Symbolic_Regression/E2E/E2E/symbolicregression/envs/generators.py:207: RuntimeWarning: overflow encountered in square
  return numerator ** 2
/home/xyh/Symbolic_Regression/E2E/E2E/symbolicregression/envs/generators.py:207: RuntimeWarning: overflow encountered in square
  return numerator ** 2
/home/xyh/Symbolic_Regression/E2E/E2E/symbolicregression/envs/generators.py:242: RuntimeWarning: invalid value encountered in cos
  return fn(self.children[0].val(x))
step   5500 | train_ema 0.7872 | lr 8.87e-04 | 21.6min
/home/xyh/Symbolic_Regression/E2E/E2E/symbolicregression/envs/generators.py:242: RuntimeWarning: invalid value encountered in cos
  return fn(self.children[0].val(x))
[probe] step   5600 | lr 8.55e-04 | t=0.02 0.665 | t=0.1 0.134 | t=0.5 0.041
/home/xyh/Symbolic_Regression/E2E/E2E/symbolicregression/envs/generators.py:242: RuntimeWarning: invalid value encountered in tan
  return fn(self.children[0].val(x))
/home/xyh/Symbolic_Regression/E2E/E2E/symbolicregression/envs/generators.py:242: RuntimeWarning: invalid value encountered in sin
  return fn(self.children[0].val(x))
[probe] step   5800 | lr 7.91e-04 | t=0.02 0.680 | t=0.1 0.129 | t=0.5 0.040
/home/xyh/Symbolic_Regression/E2E/E2E/symbolicregression/envs/generators.py:216: RuntimeWarning: overflow encountered in power
  return numerator ** 3
step   6000 | train_ema 0.7540 | lr 7.28e-04 | 43.2min
[probe] step   6000 | lr 7.28e-04 | t=0.02 0.668 | t=0.1 0.129 | t=0.5 0.039
/home/xyh/Symbolic_Regression/E2E/E2E/.venv/lib/python3.10/site-packages/torch/distributed/c10d_logger.py:83: UserWarning: barrier(): using the device under current context. You can specify `device_id` in `init_process_group` to mute this warning.
  return func(*args, **kwargs)
step   6000 | train_ema 0.7540 | val_l2 0.0135 | acc_correct 0.634 | acc_shuffled 0.590 | Δcond +0.044 | best 0.0086@5000 | bad 1/20 | lr 7.28e-04 | 43.5min
/home/xyh/Symbolic_Regression/E2E/E2E/symbolicregression/envs/generators.py:242: RuntimeWarning: invalid value encountered in cos
  return fn(self.children[0].val(x))
/home/xyh/Symbolic_Regression/E2E/E2E/symbolicregression/envs/generators.py:207: RuntimeWarning: overflow encountered in square
  return numerator ** 2
[probe] step   6200 | lr 6.66e-04 | t=0.02 0.663 | t=0.1 0.131 | t=0.5 0.038
/home/xyh/Symbolic_Regression/E2E/E2E/symbolicregression/envs/generators.py:242: RuntimeWarning: invalid value encountered in sin
  return fn(self.children[0].val(x))
/home/xyh/Symbolic_Regression/E2E/E2E/symbolicregression/envs/generators.py:242: RuntimeWarning: invalid value encountered in tan
  return fn(self.children[0].val(x))
/home/xyh/Symbolic_Regression/E2E/E2E/symbolicregression/envs/generators.py:242: RuntimeWarning: invalid value encountered in tan
  return fn(self.children[0].val(x))
[probe] step   6400 | lr 6.06e-04 | t=0.02 0.653 | t=0.1 0.125 | t=0.5 0.037
step   6500 | train_ema 0.7478 | lr 5.77e-04 | 65.2min
/home/xyh/Symbolic_Regression/E2E/E2E/symbolicregression/envs/generators.py:242: RuntimeWarning: invalid value encountered in sin
  return fn(self.children[0].val(x))
[probe] step   6600 | lr 5.47e-04 | t=0.02 0.660 | t=0.1 0.130 | t=0.5 0.037
/home/xyh/Symbolic_Regression/E2E/E2E/symbolicregression/envs/generators.py:242: RuntimeWarning: invalid value encountered in sin
  return fn(self.children[0].val(x))
/home/xyh/Symbolic_Regression/E2E/E2E/symbolicregression/envs/generators.py:137: RuntimeWarning: invalid value encountered in multiply
  return m1 * m2
/home/xyh/Symbolic_Regression/E2E/E2E/symbolicregression/envs/generators.py:242: RuntimeWarning: invalid value encountered in cos
  return fn(self.children[0].val(x))
[probe] step   6800 | lr 4.91e-04 | t=0.02 0.660 | t=0.1 0.127 | t=0.5 0.036
/home/xyh/Symbolic_Regression/E2E/E2E/symbolicregression/envs/generators.py:137: RuntimeWarning: invalid value encountered in multiply
  return m1 * m2
/home/xyh/Symbolic_Regression/E2E/E2E/symbolicregression/envs/generators.py:137: RuntimeWarning: invalid value encountered in multiply
  return m1 * m2
step   7000 | train_ema 0.7398 | lr 4.36e-04 | 87.2min
[probe] step   7000 | lr 4.36e-04 | t=0.02 0.646 | t=0.1 0.129 | t=0.5 0.035
step   7000 | train_ema 0.7398 | val_l2 0.0101 | acc_correct 0.643 | acc_shuffled 0.587 | Δcond +0.056 | best 0.0086@5000 | bad 2/20 | lr 4.36e-04 | 87.5min
/home/xyh/Symbolic_Regression/E2E/E2E/symbolicregression/envs/generators.py:242: RuntimeWarning: invalid value encountered in tan
  return fn(self.children[0].val(x))
/home/xyh/Symbolic_Regression/E2E/E2E/symbolicregression/envs/generators.py:242: RuntimeWarning: invalid value encountered in sin
  return fn(self.children[0].val(x))
[probe] step   7200 | lr 3.84e-04 | t=0.02 0.660 | t=0.1 0.123 | t=0.5 0.035
/home/xyh/Symbolic_Regression/E2E/E2E/symbolicregression/envs/generators.py:242: RuntimeWarning: invalid value encountered in tan
  return fn(self.children[0].val(x))
[probe] step   7400 | lr 3.34e-04 | t=0.02 0.643 | t=0.1 0.117 | t=0.5 0.035
/home/xyh/Symbolic_Regression/E2E/E2E/symbolicregression/envs/generators.py:242: RuntimeWarning: invalid value encountered in tan
  return fn(self.children[0].val(x))
step   7500 | train_ema 0.7103 | lr 3.10e-04 | 109.6min
[probe] step   7600 | lr 2.87e-04 | t=0.02 0.661 | t=0.1 0.121 | t=0.5 0.034
/home/xyh/Symbolic_Regression/E2E/E2E/symbolicregression/envs/generators.py:133: RuntimeWarning: invalid value encountered in subtract
  return self.children[0].val(x) - self.children[1].val(x)
[probe] step   7800 | lr 2.43e-04 | t=0.02 0.647 | t=0.1 0.117 | t=0.5 0.034
step   8000 | train_ema 0.7243 | lr 2.03e-04 | 131.4min
[probe] step   8000 | lr 2.03e-04 | t=0.02 0.642 | t=0.1 0.122 | t=0.5 0.034
step   8000 | train_ema 0.7243 | val_l2 0.0078 | acc_correct 0.648 | acc_shuffled 0.585 | Δcond +0.063 | best 0.0078@8000 | bad 0/20 | lr 2.03e-04 | 131.8min
/home/xyh/Symbolic_Regression/E2E/E2E/symbolicregression/envs/generators.py:242: RuntimeWarning: invalid value encountered in cos
  return fn(self.children[0].val(x))
[probe] step   8200 | lr 1.65e-04 | t=0.02 0.647 | t=0.1 0.118 | t=0.5 0.034
/home/xyh/Symbolic_Regression/E2E/E2E/symbolicregression/envs/generators.py:242: RuntimeWarning: invalid value encountered in cos
  return fn(self.children[0].val(x))
[probe] step   8400 | lr 1.31e-04 | t=0.02 0.645 | t=0.1 0.121 | t=0.5 0.034
/home/xyh/Symbolic_Regression/E2E/E2E/symbolicregression/envs/generators.py:242: RuntimeWarning: invalid value encountered in sin
  return fn(self.children[0].val(x))
step   8500 | train_ema 0.7197 | lr 1.16e-04 | 153.5min
[probe] step   8600 | lr 1.01e-04 | t=0.02 0.650 | t=0.1 0.117 | t=0.5 0.034
[probe] step   8800 | lr 7.46e-05 | t=0.02 0.653 | t=0.1 0.117 | t=0.5 0.033
step   9000 | train_ema 0.7065 | lr 5.20e-05 | 175.8min
[probe] step   9000 | lr 5.20e-05 | t=0.02 0.638 | t=0.1 0.117 | t=0.5 0.033
step   9000 | train_ema 0.7065 | val_l2 0.0073 | acc_correct 0.650 | acc_shuffled 0.582 | Δcond +0.067 | best 0.0073@9000 | bad 0/20 | lr 5.20e-05 | 176.3min
[probe] step   9200 | lr 3.34e-05 | t=0.02 0.642 | t=0.1 0.112 | t=0.5 0.033
[probe] step   9400 | lr 1.88e-05 | t=0.02 0.657 | t=0.1 0.118 | t=0.5 0.033
step   9500 | train_ema 0.7149 | lr 1.31e-05 | 198.8min
[probe] step   9600 | lr 8.38e-06 | t=0.02 0.653 | t=0.1 0.117 | t=0.5 0.033
[probe] step   9800 | lr 2.10e-06 | t=0.02 0.633 | t=0.1 0.117 | t=0.5 0.033
/home/xyh/Symbolic_Regression/E2E/E2E/symbolicregression/envs/generators.py:242: RuntimeWarning: invalid value encountered in tan
  return fn(self.children[0].val(x))
/home/xyh/Symbolic_Regression/E2E/E2E/symbolicregression/envs/generators.py:242: RuntimeWarning: invalid value encountered in tan
  return fn(self.children[0].val(x))
step  10000 | train_ema 0.7296 | lr 0.00e+00 | 221.7min
[probe] step  10000 | lr 0.00e+00 | t=0.02 0.643 | t=0.1 0.116 | t=0.5 0.033
step  10000 | train_ema 0.7296 | val_l2 0.0071 | acc_correct 0.651 | acc_shuffled 0.586 | Δcond +0.065 | best 0.0071@10000 | bad 0/20 | lr 0.00e+00 | 223.0min

done. best val_l2=0.0071 @ step 10000
checkpoints: checkpoints/lr_search/uniform_cosine_lr2e-3/{best,last}.pth
