W0629 19:59:26.621000 2072937 torch/distributed/run.py:852] 
W0629 19:59:26.621000 2072937 torch/distributed/run.py:852] *****************************************
W0629 19:59:26.621000 2072937 torch/distributed/run.py:852] Setting OMP_NUM_THREADS environment variable for each process to be 1 in default, to avoid your system being overloaded, please further tune the variable for optimal performance in your application as needed. 
W0629 19:59:26.621000 2072937 torch/distributed/run.py:852] *****************************************
resume from checkpoints/lr_search/uniform_cosine_lr2e-3/best.pth: step 10000 best_val 0.0071@10000
device=cuda:0 | world_size=3 | num_workers=4 | vocab 10292 | denoiser 115.7M | max_length 128 (target only) | steps 10000->20000
/home/xyh/Symbolic_Regression/E2E/E2E/symbolicregression/envs/generators.py:242: RuntimeWarning: overflow encountered in exp
  return fn(self.children[0].val(x))
/home/xyh/Symbolic_Regression/E2E/E2E/symbolicregression/envs/generators.py:242: RuntimeWarning: overflow encountered in exp
  return fn(self.children[0].val(x))
/home/xyh/Symbolic_Regression/E2E/E2E/symbolicregression/envs/generators.py:242: RuntimeWarning: overflow encountered in exp
  return fn(self.children[0].val(x))
/home/xyh/Symbolic_Regression/E2E/E2E/symbolicregression/envs/generators.py:137: RuntimeWarning: overflow encountered in multiply
  return m1 * m2
/home/xyh/Symbolic_Regression/E2E/E2E/symbolicregression/envs/generators.py:216: RuntimeWarning: overflow encountered in power
  return numerator ** 3
/home/xyh/Symbolic_Regression/E2E/E2E/symbolicregression/envs/generators.py:216: RuntimeWarning: overflow encountered in power
  return numerator ** 3
/home/xyh/Symbolic_Regression/E2E/E2E/symbolicregression/envs/generators.py:242: RuntimeWarning: invalid value encountered in sin
  return fn(self.children[0].val(x))
/home/xyh/Symbolic_Regression/E2E/E2E/symbolicregression/envs/generators.py:242: RuntimeWarning: invalid value encountered in cos
  return fn(self.children[0].val(x))
/home/xyh/Symbolic_Regression/E2E/E2E/symbolicregression/envs/generators.py:207: RuntimeWarning: overflow encountered in square
  return numerator ** 2
/home/xyh/Symbolic_Regression/E2E/E2E/symbolicregression/envs/generators.py:137: RuntimeWarning: overflow encountered in multiply
  return m1 * m2
/home/xyh/Symbolic_Regression/E2E/E2E/symbolicregression/envs/generators.py:216: RuntimeWarning: overflow encountered in power
  return numerator ** 3
/home/xyh/Symbolic_Regression/E2E/E2E/symbolicregression/envs/generators.py:216: RuntimeWarning: overflow encountered in power
  return numerator ** 3
/home/xyh/Symbolic_Regression/E2E/E2E/symbolicregression/envs/generators.py:137: RuntimeWarning: overflow encountered in multiply
  return m1 * m2
/home/xyh/Symbolic_Regression/E2E/E2E/symbolicregression/envs/generators.py:242: RuntimeWarning: invalid value encountered in cos
  return fn(self.children[0].val(x))
/home/xyh/Symbolic_Regression/E2E/E2E/symbolicregression/envs/generators.py:207: RuntimeWarning: overflow encountered in square
  return numerator ** 2
/home/xyh/Symbolic_Regression/E2E/E2E/symbolicregression/envs/generators.py:216: RuntimeWarning: overflow encountered in power
  return numerator ** 3
/home/xyh/Symbolic_Regression/E2E/E2E/symbolicregression/envs/generators.py:137: RuntimeWarning: overflow encountered in multiply
  return m1 * m2
/home/xyh/Symbolic_Regression/E2E/E2E/symbolicregression/envs/generators.py:207: RuntimeWarning: overflow encountered in square
  return numerator ** 2
/home/xyh/Symbolic_Regression/E2E/E2E/symbolicregression/envs/generators.py:137: RuntimeWarning: overflow encountered in multiply
  return m1 * m2
/home/xyh/Symbolic_Regression/E2E/E2E/symbolicregression/envs/generators.py:137: RuntimeWarning: overflow encountered in multiply
  return m1 * m2
/home/xyh/Symbolic_Regression/E2E/E2E/symbolicregression/envs/generators.py:242: RuntimeWarning: invalid value encountered in sin
  return fn(self.children[0].val(x))
/home/xyh/Symbolic_Regression/E2E/E2E/symbolicregression/envs/generators.py:242: RuntimeWarning: invalid value encountered in tan
  return fn(self.children[0].val(x))
/home/xyh/Symbolic_Regression/E2E/E2E/symbolicregression/envs/generators.py:137: RuntimeWarning: overflow encountered in multiply
  return m1 * m2
/home/xyh/Symbolic_Regression/E2E/E2E/symbolicregression/envs/generators.py:216: RuntimeWarning: overflow encountered in power
  return numerator ** 3
/home/xyh/Symbolic_Regression/E2E/E2E/symbolicregression/envs/generators.py:207: RuntimeWarning: overflow encountered in square
  return numerator ** 2
/home/xyh/Symbolic_Regression/E2E/E2E/symbolicregression/envs/generators.py:137: RuntimeWarning: overflow encountered in multiply
  return m1 * m2
/home/xyh/Symbolic_Regression/E2E/E2E/symbolicregression/envs/generators.py:216: RuntimeWarning: overflow encountered in power
  return numerator ** 3
/home/xyh/Symbolic_Regression/E2E/E2E/symbolicregression/envs/generators.py:207: RuntimeWarning: overflow encountered in square
  return numerator ** 2
/home/xyh/Symbolic_Regression/E2E/E2E/symbolicregression/envs/generators.py:137: RuntimeWarning: overflow encountered in multiply
  return m1 * m2
/home/xyh/Symbolic_Regression/E2E/E2E/symbolicregression/envs/generators.py:207: RuntimeWarning: overflow encountered in square
  return numerator ** 2
/home/xyh/Symbolic_Regression/E2E/E2E/symbolicregression/envs/generators.py:137: RuntimeWarning: overflow encountered in multiply
  return m1 * m2
/home/xyh/Symbolic_Regression/E2E/E2E/symbolicregression/envs/generators.py:137: RuntimeWarning: overflow encountered in multiply
  return m1 * m2
/home/xyh/Symbolic_Regression/E2E/E2E/symbolicregression/envs/generators.py:242: RuntimeWarning: invalid value encountered in sin
  return fn(self.children[0].val(x))
/home/xyh/Symbolic_Regression/E2E/E2E/symbolicregression/envs/generators.py:207: RuntimeWarning: overflow encountered in square
  return numerator ** 2
[probe] step  10200 | lr 9.92e-04 | t=0.02 0.656 | t=0.1 0.128 | t=0.5 0.038
/home/xyh/Symbolic_Regression/E2E/E2E/symbolicregression/envs/generators.py:216: RuntimeWarning: overflow encountered in power
  return numerator ** 3
/home/xyh/Symbolic_Regression/E2E/E2E/symbolicregression/envs/generators.py:242: RuntimeWarning: invalid value encountered in sin
  return fn(self.children[0].val(x))
/home/xyh/Symbolic_Regression/E2E/E2E/symbolicregression/envs/generators.py:242: RuntimeWarning: invalid value encountered in cos
  return fn(self.children[0].val(x))
/home/xyh/Symbolic_Regression/E2E/E2E/symbolicregression/envs/generators.py:207: RuntimeWarning: overflow encountered in square
  return numerator ** 2
/home/xyh/Symbolic_Regression/E2E/E2E/symbolicregression/envs/generators.py:216: RuntimeWarning: overflow encountered in power
  return numerator ** 3
/home/xyh/Symbolic_Regression/E2E/E2E/symbolicregression/envs/generators.py:242: RuntimeWarning: invalid value encountered in cos
  return fn(self.children[0].val(x))
/home/xyh/Symbolic_Regression/E2E/E2E/symbolicregression/envs/generators.py:242: RuntimeWarning: invalid value encountered in cos
  return fn(self.children[0].val(x))
/home/xyh/Symbolic_Regression/E2E/E2E/symbolicregression/envs/generators.py:242: RuntimeWarning: invalid value encountered in sin
  return fn(self.children[0].val(x))
/home/xyh/Symbolic_Regression/E2E/E2E/symbolicregression/envs/generators.py:216: RuntimeWarning: overflow encountered in power
  return numerator ** 3
/home/xyh/Symbolic_Regression/E2E/E2E/symbolicregression/envs/generators.py:207: RuntimeWarning: overflow encountered in square
  return numerator ** 2
/home/xyh/Symbolic_Regression/E2E/E2E/symbolicregression/envs/generators.py:216: RuntimeWarning: overflow encountered in power
  return numerator ** 3
[probe] step  10400 | lr 9.60e-04 | t=0.02 0.652 | t=0.1 0.125 | t=0.5 0.038
/home/xyh/Symbolic_Regression/E2E/E2E/symbolicregression/envs/generators.py:242: RuntimeWarning: invalid value encountered in sin
  return fn(self.children[0].val(x))
/home/xyh/Symbolic_Regression/E2E/E2E/symbolicregression/envs/generators.py:137: RuntimeWarning: overflow encountered in multiply
  return m1 * m2
/home/xyh/Symbolic_Regression/E2E/E2E/symbolicregression/envs/generators.py:242: RuntimeWarning: invalid value encountered in cos
  return fn(self.children[0].val(x))
/home/xyh/Symbolic_Regression/E2E/E2E/symbolicregression/envs/generators.py:207: RuntimeWarning: overflow encountered in square
  return numerator ** 2
/home/xyh/Symbolic_Regression/E2E/E2E/symbolicregression/envs/generators.py:207: RuntimeWarning: overflow encountered in square
  return numerator ** 2
/home/xyh/Symbolic_Regression/E2E/E2E/symbolicregression/envs/generators.py:242: RuntimeWarning: invalid value encountered in cos
  return fn(self.children[0].val(x))
step  10500 | train_ema 0.7273 | lr 9.44e-04 | 21.6min
/home/xyh/Symbolic_Regression/E2E/E2E/symbolicregression/envs/generators.py:242: RuntimeWarning: invalid value encountered in cos
  return fn(self.children[0].val(x))
[probe] step  10600 | lr 9.28e-04 | t=0.02 0.670 | t=0.1 0.124 | t=0.5 0.036
/home/xyh/Symbolic_Regression/E2E/E2E/symbolicregression/envs/generators.py:242: RuntimeWarning: invalid value encountered in tan
  return fn(self.children[0].val(x))
/home/xyh/Symbolic_Regression/E2E/E2E/symbolicregression/envs/generators.py:242: RuntimeWarning: invalid value encountered in sin
  return fn(self.children[0].val(x))
[probe] step  10800 | lr 8.97e-04 | t=0.02 0.676 | t=0.1 0.135 | t=0.5 0.040
/home/xyh/Symbolic_Regression/E2E/E2E/symbolicregression/envs/generators.py:216: RuntimeWarning: overflow encountered in power
  return numerator ** 3
step  11000 | train_ema 0.7023 | lr 8.65e-04 | 42.8min
[probe] step  11000 | lr 8.65e-04 | t=0.02 0.673 | t=0.1 0.125 | t=0.5 0.037
/home/xyh/Symbolic_Regression/E2E/E2E/.venv/lib/python3.10/site-packages/torch/distributed/c10d_logger.py:83: UserWarning: barrier(): using the device under current context. You can specify `device_id` in `init_process_group` to mute this warning.
  return func(*args, **kwargs)
step  11000 | train_ema 0.7023 | val_l2 0.0105 | acc_correct 0.647 | acc_shuffled 0.589 | Δcond +0.058 | best 0.0071@10000 | bad 1/20 | lr 8.65e-04 | 43.1min
/home/xyh/Symbolic_Regression/E2E/E2E/symbolicregression/envs/generators.py:242: RuntimeWarning: invalid value encountered in cos
  return fn(self.children[0].val(x))
/home/xyh/Symbolic_Regression/E2E/E2E/symbolicregression/envs/generators.py:207: RuntimeWarning: overflow encountered in square
  return numerator ** 2
[probe] step  11200 | lr 8.33e-04 | t=0.02 0.661 | t=0.1 0.127 | t=0.5 0.036
/home/xyh/Symbolic_Regression/E2E/E2E/symbolicregression/envs/generators.py:242: RuntimeWarning: invalid value encountered in sin
  return fn(self.children[0].val(x))
/home/xyh/Symbolic_Regression/E2E/E2E/symbolicregression/envs/generators.py:242: RuntimeWarning: invalid value encountered in tan
  return fn(self.children[0].val(x))
/home/xyh/Symbolic_Regression/E2E/E2E/symbolicregression/envs/generators.py:242: RuntimeWarning: invalid value encountered in tan
  return fn(self.children[0].val(x))
[probe] step  11400 | lr 8.02e-04 | t=0.02 0.654 | t=0.1 0.123 | t=0.5 0.035
step  11500 | train_ema 0.7248 | lr 7.86e-04 | 64.4min
/home/xyh/Symbolic_Regression/E2E/E2E/symbolicregression/envs/generators.py:242: RuntimeWarning: invalid value encountered in sin
  return fn(self.children[0].val(x))
[probe] step  11600 | lr 7.71e-04 | t=0.02 0.659 | t=0.1 0.123 | t=0.5 0.035
/home/xyh/Symbolic_Regression/E2E/E2E/symbolicregression/envs/generators.py:242: RuntimeWarning: invalid value encountered in sin
  return fn(self.children[0].val(x))
/home/xyh/Symbolic_Regression/E2E/E2E/symbolicregression/envs/generators.py:137: RuntimeWarning: invalid value encountered in multiply
  return m1 * m2
/home/xyh/Symbolic_Regression/E2E/E2E/symbolicregression/envs/generators.py:242: RuntimeWarning: invalid value encountered in cos
  return fn(self.children[0].val(x))
[probe] step  11800 | lr 7.40e-04 | t=0.02 0.665 | t=0.1 0.122 | t=0.5 0.035
/home/xyh/Symbolic_Regression/E2E/E2E/symbolicregression/envs/generators.py:137: RuntimeWarning: invalid value encountered in multiply
  return m1 * m2
/home/xyh/Symbolic_Regression/E2E/E2E/symbolicregression/envs/generators.py:137: RuntimeWarning: invalid value encountered in multiply
  return m1 * m2
step  12000 | train_ema 0.7237 | lr 7.09e-04 | 85.9min
[probe] step  12000 | lr 7.09e-04 | t=0.02 0.642 | t=0.1 0.123 | t=0.5 0.034
step  12000 | train_ema 0.7237 | val_l2 0.0093 | acc_correct 0.648 | acc_shuffled 0.583 | Δcond +0.065 | best 0.0071@10000 | bad 2/20 | lr 7.09e-04 | 86.1min
/home/xyh/Symbolic_Regression/E2E/E2E/symbolicregression/envs/generators.py:242: RuntimeWarning: invalid value encountered in tan
  return fn(self.children[0].val(x))
/home/xyh/Symbolic_Regression/E2E/E2E/symbolicregression/envs/generators.py:242: RuntimeWarning: invalid value encountered in sin
  return fn(self.children[0].val(x))
[probe] step  12200 | lr 6.79e-04 | t=0.02 0.665 | t=0.1 0.121 | t=0.5 0.035
